[demo.bootstrapious.com/jobs/2-1-0/index.html]
[backblue.gif]
[fade.gif]
[index.html]
[d19m59y37dris4.cloudfront.net/jobs/2-1-0/vendor/font-awesome/css/font-awesome.min.css]
[d19m59y37dris4.cloudfront.net/jobs/2-1-0/vendor/owl.carousel/assets/owl.carousel.css]
[d19m59y37dris4.cloudfront.net/jobs/2-1-0/vendor/bootstrap/css/bootstrap.min.css]
[d19m59y37dris4.cloudfront.net/jobs/2-1-0/vendor/owl.carousel/assets/owl.theme.default.css]
[d19m59y37dris4.cloudfront.net/jobs/2-1-0/css/style.default.css]
[demo.bootstrapious.com/jobs/2-1-0/favicon.png]
[demo.bootstrapious.com/jobs/2-1-0/index-2.html]
[d19m59y37dris4.cloudfront.net/jobs/2-1-0/img/logo.png]
[d19m59y37dris4.cloudfront.net/jobs/2-1-0/img/logo-small.png]
[demo.bootstrapious.com/jobs/2-1-0/category.html]
[demo.bootstrapious.com/jobs/2-1-0/about.html]
[demo.bootstrapious.com/jobs/2-1-0/client-register.html]
[demo.bootstrapious.com/jobs/2-1-0/client-dashboard.html]
[demo.bootstrapious.com/jobs/2-1-0/client-applicants.html]
[demo.bootstrapious.com/jobs/2-1-0/client-job.html]
[demo.bootstrapious.com/jobs/2-1-0/detail.html]
[demo.bootstrapious.com/jobs/2-1-0/contact.html]
[demo.bootstrapious.com/jobs/2-1-0/blog.html]
[demo.bootstrapious.com/jobs/2-1-0/post.html]
[demo.bootstrapious.com/jobs/2-1-0/packages.html]
[demo.bootstrapious.com/jobs/2-1-0/testimonials.html]
[demo.bootstrapious.com/jobs/2-1-0/text.html]
[demo.bootstrapious.com/jobs/2-1-0/faq.html]
[d19m59y37dris4.cloudfront.net/jobs/2-1-0/img/featured1.jpg]
[d19m59y37dris4.cloudfront.net/jobs/2-1-0/img/company-1.png]
[d19m59y37dris4.cloudfront.net/jobs/2-1-0/img/featured2.jpg]
[d19m59y37dris4.cloudfront.net/jobs/2-1-0/img/company-3.png]
[d19m59y37dris4.cloudfront.net/jobs/2-1-0/img/featured3.jpg]
[d19m59y37dris4.cloudfront.net/jobs/2-1-0/img/company-2.png]
[d19m59y37dris4.cloudfront.net/jobs/2-1-0/img/company-4.png]
[d19m59y37dris4.cloudfront.net/jobs/2-1-0/img/person-1.jpg]
[d19m59y37dris4.cloudfront.net/jobs/2-1-0/img/person-2.jpg]
[d19m59y37dris4.cloudfront.net/jobs/2-1-0/img/person-3.png]
[d19m59y37dris4.cloudfront.net/jobs/2-1-0/img/person-4.jpg]
[d19m59y37dris4.cloudfront.net/jobs/2-1-0/img/startup.jpg]
[d19m59y37dris4.cloudfront.net/jobs/2-1-0/img/blog1.jpg]
[d19m59y37dris4.cloudfront.net/jobs/2-1-0/img/blog2.jpg]
[d19m59y37dris4.cloudfront.net/jobs/2-1-0/img/template-mac.png]
[d19m59y37dris4.cloudfront.net/jobs/2-1-0/vendor/jquery/jquery.min.js]
[d19m59y37dris4.cloudfront.net/jobs/2-1-0/vendor/bootstrap/js/bootstrap.bundle.min.js]
[d19m59y37dris4.cloudfront.net/jobs/2-1-0/vendor/jquery.cookie/jquery.cookie.js]
[d19m59y37dris4.cloudfront.net/jobs/2-1-0/vendor/owl.carousel/owl.carousel.min.js]
[d19m59y37dris4.cloudfront.net/jobs/2-1-0/vendor/bootstrap-select/js/bootstrap-select.min.js]
[demo.bootstrapious.com/jobs/2-1-0/index.html]
[d19m59y37dris4.cloudfront.net/jobs/2-1-0/vendor/bootstrap/css/bootstrap.min.css]
[d19m59y37dris4.cloudfront.net/jobs/2-1-0/vendor/font-awesome/css/font-awesome.min.css]
[d19m59y37dris4.cloudfront.net/jobs/2-1-0/js/front.js]
[d19m59y37dris4.cloudfront.net/jobs/2-1-0/vendor/owl.carousel/assets/owl.video.play.png]
[d19m59y37dris4.cloudfront.net/jobs/2-1-0/vendor/owl.carousel/assets/owl.carousel.css]
[d19m59y37dris4.cloudfront.net/jobs/2-1-0/vendor/owl.carousel/assets/owl.theme.default.css]
[d19m59y37dris4.cloudfront.net/jobs/2-1-0/img/meeting.jpg]
[d19m59y37dris4.cloudfront.net/jobs/2-1-0/css/style.default.css]
[d19m59y37dris4.cloudfront.net/jobs/2-1-0/css/custom.css]
[demo.bootstrapious.com/jobs/2-1-0/index-2.html]
[demo.bootstrapious.com/jobs/2-1-0/category.html]
[d19m59y37dris4.cloudfront.net/jobs/2-1-0/img/person-3.jpg]
[demo.bootstrapious.com/jobs/2-1-0/about.html]
[demo.bootstrapious.com/jobs/2-1-0/client-register.html]
[demo.bootstrapious.com/jobs/2-1-0/client-dashboard.html]
[demo.bootstrapious.com/jobs/2-1-0/client-applicants.html]
[demo.bootstrapious.com/jobs/2-1-0/client-job.html]
[demo.bootstrapious.com/jobs/2-1-0/detail.html]
[d19m59y37dris4.cloudfront.net/jobs/2-1-0/vendor/bootstrap-select/css/bootstrap-select.min.css]
[unpkg.com/leaflet@1.6.0/dist/leaflet.css]
[unpkg.com/leaflet@1.6.0/dist/leaflet.js]
[demo.bootstrapious.com/jobs/2-1-0/contact.html]
[demo.bootstrapious.com/jobs/2-1-0/blog.html]
[d19m59y37dris4.cloudfront.net/jobs/2-1-0/js/map.js]
[d19m59y37dris4.cloudfront.net/jobs/2-1-0/img/blog-avatar2.jpg]
[d19m59y37dris4.cloudfront.net/jobs/2-1-0/img/blog-avatar.jpg]
[demo.bootstrapious.com/jobs/2-1-0/post.html]
[demo.bootstrapious.com/jobs/2-1-0/packages.html]
[demo.bootstrapious.com/jobs/2-1-0/testimonials.html]
[demo.bootstrapious.com/jobs/2-1-0/text.html]
[demo.bootstrapious.com/jobs/2-1-0/faq.html]
[d19m59y37dris4.cloudfront.net/jobs/2-1-0/vendor/bootstrap-select/css/bootstrap-select.min.css]
[unpkg.com/leaflet@1.6.0/dist/images/layers.png]
[unpkg.com/leaflet@1.6.0/dist/images/layers-2x.png]
[unpkg.com/leaflet@1.6.0/dist/images/marker-icon.png]
[unpkg.com/leaflet@1.6.0/dist/leaflet.css]
